// Jest Snapshot v1, https://goo.gl/fbAQLP

exports[`addOrg adds a new org with no invitees 1`] = `
Object {
  "organization": Array [
    Object {
      "createdAt": 2017-01-01T08:00:00.000Z,
      "creditCard": Object {
        "brand": "Visa",
        "expiry": "12/23",
        "last4": "4242",
      },
      "id": 0,
      "name": "addOrg|1|NewOrgName",
      "orgUsers": Array [
        Object {
          "id": 3,
          "inactive": false,
          "role": "billingLeader",
        },
      ],
      "periodEnd": 2017-02-01T08:00:00.000Z,
      "periodStart": 2017-01-01T08:00:00.000Z,
      "stripeId": 1,
      "stripeSubscriptionId": 2,
      "updatedAt": 2017-01-01T08:00:00.000Z,
    },
  ],
  "team": Array [
    Object {
      "activeFacilitator": null,
      "facilitatorPhase": "lobby",
      "facilitatorPhaseItem": null,
      "id": 4,
      "isArchived": false,
      "isPaid": true,
      "meetingId": null,
      "meetingPhase": "lobby",
      "meetingPhaseItem": null,
      "name": "addOrg|1|NewTeamName",
      "orgId": 0,
    },
  ],
  "teamMember": Array [
    Object {
      "checkInOrder": 6,
      "email": "steve.rogers@avengers.org",
      "id": 5,
      "isCheckedIn": null,
      "isFacilitator": true,
      "isLead": true,
      "isNotRemoved": true,
      "picture": "https://placeimg.com/100/100/animals",
      "preferredName": "Captain America",
      "teamId": 4,
      "userId": 3,
    },
  ],
  "user": Array [
    Object {
      "cachedAt": 2017-01-01T07:00:00.000Z,
      "createdAt": 2017-01-01T07:00:00.000Z,
      "email": "natasha.romanova@avengers.org",
      "emailVerified": false,
      "id": 7,
      "identities": Array [],
      "inactive": false,
      "lastLogin": 2017-01-01T07:00:00.000Z,
      "lastSeenAt": 2017-01-01T07:00:00.000Z,
      "name": "Natasha Romanova",
      "picture": "https://placeimg.com/100/100/animals",
      "preferredName": "Black Widow",
      "tms": Array [
        14,
      ],
      "trialOrg": null,
      "updatedAt": 2017-01-01T07:00:00.000Z,
      "userOrgs": Array [
        Object {
          "id": 15,
          "role": null,
        },
      ],
      "welcomeSentAt": 2017-01-01T07:00:00.000Z,
    },
    Object {
      "cachedAt": 2017-01-01T07:00:00.000Z,
      "createdAt": 2017-01-01T07:00:00.000Z,
      "email": "steve.rogers@avengers.org",
      "emailVerified": false,
      "id": 3,
      "identities": Array [],
      "inactive": false,
      "lastLogin": 2017-01-01T07:00:00.000Z,
      "lastSeenAt": 2017-01-01T07:00:00.000Z,
      "name": "Steve Rogers",
      "picture": "https://placeimg.com/100/100/animals",
      "preferredName": "Captain America",
      "tms": Array [
        14,
        4,
      ],
      "trialOrg": 15,
      "updatedAt": 2017-01-01T07:00:00.000Z,
      "userOrgs": Array [
        Object {
          "id": 15,
          "role": "billingLeader",
        },
        Object {
          "id": 0,
          "role": "billingLeader",
        },
      ],
      "welcomeSentAt": 2017-01-01T07:00:00.000Z,
    },
    Object {
      "cachedAt": 2017-01-01T07:00:00.000Z,
      "createdAt": 2017-01-01T07:00:00.000Z,
      "email": "steve.rogers@avengers.org",
      "emailVerified": false,
      "id": 3,
      "identities": Array [],
      "inactive": false,
      "lastLogin": 2017-01-01T07:00:00.000Z,
      "lastSeenAt": 2017-01-01T07:00:00.000Z,
      "name": "Steve Rogers",
      "picture": "https://placeimg.com/100/100/animals",
      "preferredName": "Captain America",
      "tms": Array [
        14,
        4,
      ],
      "trialOrg": 15,
      "updatedAt": 2017-01-01T07:00:00.000Z,
      "userOrgs": Array [
        Object {
          "id": 15,
          "role": "billingLeader",
        },
        Object {
          "id": 0,
          "role": "billingLeader",
        },
      ],
      "welcomeSentAt": 2017-01-01T07:00:00.000Z,
    },
    Object {
      "cachedAt": 2017-01-01T07:00:00.000Z,
      "createdAt": 2017-01-01T07:00:00.000Z,
      "email": "bruce.banner@avengers.org",
      "emailVerified": false,
      "id": 8,
      "identities": Array [],
      "inactive": false,
      "lastLogin": 2017-01-01T07:00:00.000Z,
      "lastSeenAt": 2017-01-01T07:00:00.000Z,
      "name": "Bruce Banner",
      "picture": "https://placeimg.com/100/100/animals",
      "preferredName": "Hulk",
      "tms": Array [
        14,
      ],
      "trialOrg": null,
      "updatedAt": 2017-01-01T07:00:00.000Z,
      "userOrgs": Array [
        Object {
          "id": 15,
          "role": null,
        },
      ],
      "welcomeSentAt": 2017-01-01T07:00:00.000Z,
    },
    Object {
      "cachedAt": 2017-01-01T07:00:00.000Z,
      "createdAt": 2017-01-01T07:00:00.000Z,
      "email": "tony.stark@avengers.org",
      "emailVerified": false,
      "id": 9,
      "identities": Array [],
      "inactive": false,
      "lastLogin": 2017-01-01T07:00:00.000Z,
      "lastSeenAt": 2017-01-01T07:00:00.000Z,
      "name": "Tony Stark",
      "picture": "https://placeimg.com/100/100/animals",
      "preferredName": "Iron Man",
      "tms": Array [
        14,
      ],
      "trialOrg": null,
      "updatedAt": 2017-01-01T07:00:00.000Z,
      "userOrgs": Array [
        Object {
          "id": 15,
          "role": null,
        },
      ],
      "welcomeSentAt": 2017-01-01T07:00:00.000Z,
    },
    Object {
      "cachedAt": 2017-01-01T07:00:00.000Z,
      "createdAt": 2017-01-01T07:00:00.000Z,
      "email": "kyle.richmond@avengers.org",
      "emailVerified": false,
      "id": 10,
      "identities": Array [],
      "inactive": false,
      "lastLogin": 2017-01-01T07:00:00.000Z,
      "lastSeenAt": 2017-01-01T07:00:00.000Z,
      "name": "Kyle Richmond",
      "picture": "https://placeimg.com/100/100/animals",
      "preferredName": "Nighthawk",
      "tms": Array [
        14,
      ],
      "trialOrg": null,
      "updatedAt": 2017-01-01T07:00:00.000Z,
      "userOrgs": Array [
        Object {
          "id": 15,
          "role": null,
        },
      ],
      "welcomeSentAt": 2017-01-01T07:00:00.000Z,
    },
    Object {
      "cachedAt": 2017-01-01T07:00:00.000Z,
      "createdAt": 2017-01-01T07:00:00.000Z,
      "email": "thor@avengers.org",
      "emailVerified": false,
      "id": 11,
      "identities": Array [],
      "inactive": false,
      "lastLogin": 2017-01-01T07:00:00.000Z,
      "lastSeenAt": 2017-01-01T07:00:00.000Z,
      "name": "Thor Odinson",
      "picture": "https://placeimg.com/100/100/animals",
      "preferredName": "Thor",
      "tms": Array [
        14,
      ],
      "trialOrg": null,
      "updatedAt": 2017-01-01T07:00:00.000Z,
      "userOrgs": Array [
        Object {
          "id": 15,
          "role": null,
        },
      ],
      "welcomeSentAt": 2017-01-01T07:00:00.000Z,
    },
    Object {
      "cachedAt": 2017-01-01T07:00:00.000Z,
      "createdAt": 2017-01-01T07:00:00.000Z,
      "email": "vision@avengers.org",
      "emailVerified": false,
      "id": 12,
      "identities": Array [],
      "inactive": false,
      "lastLogin": 2017-01-01T07:00:00.000Z,
      "lastSeenAt": 2017-01-01T07:00:00.000Z,
      "name": "Jonas",
      "picture": "https://placeimg.com/100/100/animals",
      "preferredName": "Vision",
      "tms": Array [
        14,
      ],
      "trialOrg": null,
      "updatedAt": 2017-01-01T07:00:00.000Z,
      "userOrgs": Array [
        Object {
          "id": 15,
          "role": null,
        },
      ],
      "welcomeSentAt": 2017-01-01T07:00:00.000Z,
    },
    Object {
      "cachedAt": 2017-01-01T07:00:00.000Z,
      "createdAt": 2017-01-01T07:00:00.000Z,
      "email": "james.rhodes@avengers.org",
      "emailVerified": false,
      "id": 13,
      "identities": Array [],
      "inactive": false,
      "lastLogin": 2017-01-01T07:00:00.000Z,
      "lastSeenAt": 2017-01-01T07:00:00.000Z,
      "name": "James Rhodes",
      "picture": "https://placeimg.com/100/100/animals",
      "preferredName": "War Machine",
      "tms": Array [
        14,
      ],
      "trialOrg": null,
      "updatedAt": 2017-01-01T07:00:00.000Z,
      "userOrgs": Array [
        Object {
          "id": 15,
          "role": null,
        },
      ],
      "welcomeSentAt": 2017-01-01T07:00:00.000Z,
    },
  ],
}
`;

exports[`addOrg adds a new org with no invitees 2`] = `
Object {
  "customers": Array [
    Object {
      "account_balance": 0,
      "created": 1483257600,
      "currency": "usd",
      "default_source": "card_123",
      "delinquent": false,
      "description": null,
      "discount": null,
      "email": null,
      "id": 16,
      "livemode": false,
      "metadata": Object {
        "orgId": 15,
      },
      "object": "customer",
      "shipping": null,
      "sources": Object {
        "data": Array [
          Object {
            "address_city": null,
            "address_country": null,
            "address_line1": null,
            "address_line1_check": null,
            "address_line2": null,
            "address_state": null,
            "address_zip": null,
            "address_zip_check": null,
            "brand": "Visa",
            "country": "US",
            "customer": 16,
            "cvc_check": "pass",
            "dynamic_last4": null,
            "exp_month": "12",
            "exp_year": "2023",
            "funding": "credit",
            "id": "card_123",
            "last4": "4242",
            "metadata": Object {},
            "name": null,
            "object": "card",
            "tokenization_method": null,
          },
        ],
        "has_more": false,
        "object": "list",
        "total_count": 1,
        "url": 17,
      },
    },
  ],
  "subscriptions": Array [
    Object {
      "application_fee_percent": null,
      "cancel_at_period_end": false,
      "canceled_at": null,
      "created": 1483257600,
      "current_period_end": 1485846000,
      "current_period_start": 1483254000,
      "customer": 16,
      "discount": null,
      "ended_at": null,
      "id": 18,
      "items": Object {
        "data": Array [
          Object {
            "created": 1483257600,
            "id": "si_123",
            "object": "subscription_item",
            "plan": Object {
              "amount": 500,
              "created": 1483257600,
              "currency": "usd",
              "id": "action-monthly",
              "interval": "month",
              "interval_count": 1,
              "livemode": false,
              "metadata": Object {},
              "name": "action-monthly",
              "object": "plan",
              "statement_descriptor": null,
              "trial_period_days": null,
            },
            "quantity": 8,
          },
        ],
        "has_more": false,
        "object": "list",
        "total_count": 1,
        "url": 19,
      },
      "livemode": false,
      "metadata": Object {
        "orgId": 15,
      },
      "object": "subscription",
      "plan": Object {
        "amount": 500,
        "created": 1483257600,
        "currency": "usd",
        "id": "action-monthly",
        "interval": "month",
        "interval_count": 1,
        "livemode": false,
        "metadata": Object {},
        "name": "action-monthly",
        "object": "plan",
        "statement_descriptor": null,
        "trial_period_days": null,
      },
      "quantity": 8,
      "start": 1483254000,
      "status": "active",
      "tax_percent": 0,
      "trial_end": null,
      "trial_start": null,
    },
  ],
}
`;
