// Jest Snapshot v1, https://goo.gl/fbAQLP

exports[`ArchiveTeam archives a team 1`] = `
Object {
  "notification": Array [
    Object {
      "id": 0,
      "orgId": 1,
      "startAt": 2017-01-01T08:00:00.000Z,
      "teamName": "Team America",
      "type": "TEAM_ARCHIVED",
      "userIds": Array [
        2,
        3,
        4,
        5,
        6,
        7,
        8,
        9,
      ],
    },
  ],
  "team": Object {
    "activeFacilitator": null,
    "facilitatorPhase": "lobby",
    "facilitatorPhaseItem": null,
    "id": 10,
    "isArchived": true,
    "isPaid": true,
    "meetingId": null,
    "meetingPhase": "lobby",
    "meetingPhaseItem": null,
    "name": "Team America",
    "orgId": 1,
    "tier": "personal",
  },
}
`;

exports[`ArchiveTeam archives a team 2`] = `
Object {
  "notificationsAdded": Array [
    Object {
      "channelId": 10,
      "message": Object {
        "notificationsAdded": Object {
          "notifications": Array [
            Object {
              "id": 0,
              "orgId": 1,
              "startAt": 2017-01-01T08:00:00.000Z,
              "teamName": "Team America",
              "type": "TEAM_ARCHIVED",
              "userIds": Array [
                2,
                3,
                4,
                5,
                6,
                7,
                8,
                9,
              ],
            },
          ],
        },
      },
    },
    Object {
      "channelId": 9,
      "message": Object {
        "notificationsAdded": Object {
          "notifications": Array [
            Object {
              "authToken": 11,
              "type": "KICKED_OUT",
            },
          ],
        },
      },
    },
    Object {
      "channelId": 8,
      "message": Object {
        "notificationsAdded": Object {
          "notifications": Array [
            Object {
              "authToken": 11,
              "type": "KICKED_OUT",
            },
          ],
        },
      },
    },
    Object {
      "channelId": 7,
      "message": Object {
        "notificationsAdded": Object {
          "notifications": Array [
            Object {
              "authToken": 11,
              "type": "KICKED_OUT",
            },
          ],
        },
      },
    },
    Object {
      "channelId": 6,
      "message": Object {
        "notificationsAdded": Object {
          "notifications": Array [
            Object {
              "authToken": 11,
              "type": "KICKED_OUT",
            },
          ],
        },
      },
    },
    Object {
      "channelId": 5,
      "message": Object {
        "notificationsAdded": Object {
          "notifications": Array [
            Object {
              "authToken": 11,
              "type": "KICKED_OUT",
            },
          ],
        },
      },
    },
    Object {
      "channelId": 4,
      "message": Object {
        "notificationsAdded": Object {
          "notifications": Array [
            Object {
              "authToken": 11,
              "type": "KICKED_OUT",
            },
          ],
        },
      },
    },
    Object {
      "channelId": 3,
      "message": Object {
        "notificationsAdded": Object {
          "notifications": Array [
            Object {
              "authToken": 11,
              "type": "KICKED_OUT",
            },
          ],
        },
      },
    },
    Object {
      "channelId": 2,
      "message": Object {
        "notificationsAdded": Object {
          "notifications": Array [
            Object {
              "authToken": 11,
              "type": "KICKED_OUT",
            },
          ],
        },
      },
    },
  ],
}
`;

exports[`ArchiveTeam deletes a team when it has no projects or other team members 1`] = `
Object {
  "notification": Array [],
  "team": Object {},
  "teamMember": Array [],
  "user": Object {
    "cachedAt": 2017-01-01T07:00:00.000Z,
    "createdAt": 2017-01-01T07:00:00.000Z,
    "emailVerified": false,
    "id": 0,
    "identities": Array [],
    "inactive": false,
    "lastLogin": 2017-01-01T07:00:00.000Z,
    "lastSeenAt": 2017-01-01T07:00:00.000Z,
    "name": "Leader of One",
    "picture": "https://placeimg.com/100/100/animals",
    "preferredName": "Leader of One",
    "tms": Array [],
    "updatedAt": 2017-01-01T07:00:00.000Z,
    "userOrgs": Array [
      Object {
        "id": 1,
        "role": null,
      },
    ],
    "welcomeSentAt": 2017-01-01T07:00:00.000Z,
  },
}
`;

exports[`ArchiveTeam deletes a team when it has no projects or other team members 2`] = `
Object {
  "notificationsAdded": Array [
    Object {
      "channelId": 0,
      "message": Object {
        "notificationsAdded": Object {
          "notifications": Array [
            Object {
              "authToken": 2,
              "type": "KICKED_OUT",
            },
          ],
        },
      },
    },
  ],
}
`;
